[SuperHeroeEntity(avatar=https://i.annihil.us/u/prod/marvel/i/mg/9/30/538cd33e15ab7/standard_xlarge.jpg, name=Spiderman, title=Peter Benjamin Parker), SuperHeroeEntity(avatar=https://i.annihil.us/u/prod/marvel/i/mg/c/10/537ba5ff07aa4/standard_xlarge.jpg, name=Captain Marvel, title=Carol Danvers), SuperHeroeEntity(avatar=https://i.annihil.us/u/prod/marvel/i/mg/5/a0/538615ca33ab0/standard_xlarge.jpg, name=Hulk, title=Robert Bruce Banner), SuperHeroeEntity(avatar=https://i.annihil.us/u/prod/marvel/i/mg/5/a0/537bc7036ab02/standard_xlarge.jpg, name=Thor, title=Thor Odinson), SuperHeroeEntity(avatar=https://i.annihil.us/u/prod/marvel/i/mg/6/a0/55b6a25e654e6/standard_xlarge.jpg, name=Iron Man, title=Anthony Edward "Tony" Stark), SuperHeroeEntity(avatar=https://i.annihil.us/u/prod/marvel/i/mg/3/50/537ba56d31087/standard_xlarge.jpg, name=Captain America, title=Steven "Steve" Rogers)]